// Jest Snapshot v1, https://goo.gl/fbAQLP

exports[`<Blocks /> should match snapshot 1`] = `
<div
  className="MuiBox-root MuiBox-root-8"
/>
`;
